0:1(3): preprocessor error: Invalid tokens after #

