0:2(2): preprocessor error: Invalid tokens after #



