0:1(1): preprocessor error: Built-in (pre-defined) macro names cannot be undefined.
0:2(1): preprocessor error: Built-in (pre-defined) macro names cannot be undefined.
0:3(1): preprocessor error: Built-in (pre-defined) macro names cannot be undefined.



